// Vitest Snapshot v1, https://vitest.dev/guide/snapshot.html

exports[`<PokemonPicture /> > should match snapshot 1`] = `"<section data-v-49cc19b7=""><img data-v-49cc19b7="" src="https://raw.githubusercontent.com/PokeAPI/sprites/master/sprites/pokemon/other/dream-world/25.svg" class="brightness-0 h-[200px]" alt=""></section>"`;
